{
  "objects": {
    "sensitive": false,
    "type": [
      "object",
      {
        "a.json": [
          "object",
          {
            "acl": "string",
            "bucket": "string",
            "bucket_key_enabled": "bool",
            "cache_control": "string",
            "content": "string",
            "content_base64": "string",
            "content_disposition": "string",
            "content_encoding": "string",
            "content_language": "string",
            "content_type": "string",
            "etag": "string",
            "force_destroy": "bool",
            "id": "string",
            "key": "string",
            "kms_key_id": "string",
            "metadata": [
              "map",
              "string"
            ],
            "object_lock_legal_hold_status": "string",
            "object_lock_mode": "string",
            "object_lock_retain_until_date": "string",
            "server_side_encryption": "string",
            "source": "string",
            "source_hash": "string",
            "storage_class": "string",
            "tags": [
              "map",
              "string"
            ],
            "tags_all": [
              "map",
              "string"
            ],
            "version_id": "string",
            "website_redirect": "string"
          }
        ],
        "b.json": [
          "object",
          {
            "acl": "string",
            "bucket": "string",
            "bucket_key_enabled": "bool",
            "cache_control": "string",
            "content": "string",
            "content_base64": "string",
            "content_disposition": "string",
            "content_encoding": "string",
            "content_language": "string",
            "content_type": "string",
            "etag": "string",
            "force_destroy": "bool",
            "id": "string",
            "key": "string",
            "kms_key_id": "string",
            "metadata": [
              "map",
              "string"
            ],
            "object_lock_legal_hold_status": "string",
            "object_lock_mode": "string",
            "object_lock_retain_until_date": "string",
            "server_side_encryption": "string",
            "source": "string",
            "source_hash": "string",
            "storage_class": "string",
            "tags": [
              "map",
              "string"
            ],
            "tags_all": [
              "map",
              "string"
            ],
            "version_id": "string",
            "website_redirect": "string"
          }
        ],
        "index.html": [
          "object",
          {
            "acl": "string",
            "bucket": "string",
            "bucket_key_enabled": "bool",
            "cache_control": "string",
            "content": "string",
            "content_base64": "string",
            "content_disposition": "string",
            "content_encoding": "string",
            "content_language": "string",
            "content_type": "string",
            "etag": "string",
            "force_destroy": "bool",
            "id": "string",
            "key": "string",
            "kms_key_id": "string",
            "metadata": [
              "map",
              "string"
            ],
            "object_lock_legal_hold_status": "string",
            "object_lock_mode": "string",
            "object_lock_retain_until_date": "string",
            "server_side_encryption": "string",
            "source": "string",
            "source_hash": "string",
            "storage_class": "string",
            "tags": [
              "map",
              "string"
            ],
            "tags_all": [
              "map",
              "string"
            ],
            "version_id": "string",
            "website_redirect": "string"
          }
        ],
        "octocat.png": [
          "object",
          {
            "acl": "string",
            "bucket": "string",
            "bucket_key_enabled": "bool",
            "cache_control": "string",
            "content": "string",
            "content_base64": "string",
            "content_disposition": "string",
            "content_encoding": "string",
            "content_language": "string",
            "content_type": "string",
            "etag": "string",
            "force_destroy": "bool",
            "id": "string",
            "key": "string",
            "kms_key_id": "string",
            "metadata": [
              "map",
              "string"
            ],
            "object_lock_legal_hold_status": "string",
            "object_lock_mode": "string",
            "object_lock_retain_until_date": "string",
            "server_side_encryption": "string",
            "source": "string",
            "source_hash": "string",
            "storage_class": "string",
            "tags": [
              "map",
              "string"
            ],
            "tags_all": [
              "map",
              "string"
            ],
            "version_id": "string",
            "website_redirect": "string"
          }
        ],
        "script.js": [
          "object",
          {
            "acl": "string",
            "bucket": "string",
            "bucket_key_enabled": "bool",
            "cache_control": "string",
            "content": "string",
            "content_base64": "string",
            "content_disposition": "string",
            "content_encoding": "string",
            "content_language": "string",
            "content_type": "string",
            "etag": "string",
            "force_destroy": "bool",
            "id": "string",
            "key": "string",
            "kms_key_id": "string",
            "metadata": [
              "map",
              "string"
            ],
            "object_lock_legal_hold_status": "string",
            "object_lock_mode": "string",
            "object_lock_retain_until_date": "string",
            "server_side_encryption": "string",
            "source": "string",
            "source_hash": "string",
            "storage_class": "string",
            "tags": [
              "map",
              "string"
            ],
            "tags_all": [
              "map",
              "string"
            ],
            "version_id": "string",
            "website_redirect": "string"
          }
        ],
        "style.css": [
          "object",
          {
            "acl": "string",
            "bucket": "string",
            "bucket_key_enabled": "bool",
            "cache_control": "string",
            "content": "string",
            "content_base64": "string",
            "content_disposition": "string",
            "content_encoding": "string",
            "content_language": "string",
            "content_type": "string",
            "etag": "string",
            "force_destroy": "bool",
            "id": "string",
            "key": "string",
            "kms_key_id": "string",
            "metadata": [
              "map",
              "string"
            ],
            "object_lock_legal_hold_status": "string",
            "object_lock_mode": "string",
            "object_lock_retain_until_date": "string",
            "server_side_encryption": "string",
            "source": "string",
            "source_hash": "string",
            "storage_class": "string",
            "tags": [
              "map",
              "string"
            ],
            "tags_all": [
              "map",
              "string"
            ],
            "version_id": "string",
            "website_redirect": "string"
          }
        ]
      }
    ],
    "value": {
      "a.json": {
        "acl": "private",
        "bucket": "s3-deployment-561678142736",
        "bucket_key_enabled": false,
        "cache_control": "",
        "content": "",
        "content_base64": null,
        "content_disposition": "",
        "content_encoding": "",
        "content_language": "en-US",
        "content_type": "application/json",
        "etag": "d5524a5b020a0553b930cc3f2f8e4cce",
        "force_destroy": false,
        "id": "a.json",
        "key": "a.json",
        "kms_key_id": null,
        "metadata": {},
        "object_lock_legal_hold_status": "",
        "object_lock_mode": "",
        "object_lock_retain_until_date": "",
        "server_side_encryption": "AES256",
        "source": ".terraform/tmp/eff72d484ce427fb15a6084e487cf9c9ce5ceaa4bbf471ef460e127fcbe50305/a.json",
        "source_hash": "d5524a5b020a0553b930cc3f2f8e4cce",
        "storage_class": "STANDARD",
        "tags": {},
        "tags_all": {},
        "version_id": "U8Y3nj2a5FNCYRe_DTT7WNUJ.Ifr0STN",
        "website_redirect": ""
      },
      "b.json": {
        "acl": "private",
        "bucket": "s3-deployment-561678142736",
        "bucket_key_enabled": false,
        "cache_control": "public, max-age=31536000, immutable",
        "content": "{\"a\":\"1\",\"h\":\"2\",\"i\":{\"j\":3,\"k\":\"4\"}}",
        "content_base64": null,
        "content_disposition": "inline",
        "content_encoding": "compress",
        "content_language": "ja-JP",
        "content_type": "binary/octet-stream",
        "etag": "64cd52391a8a2843d7cb347e872720b0",
        "force_destroy": false,
        "id": "b.json",
        "key": "b.json",
        "kms_key_id": null,
        "metadata": {},
        "object_lock_legal_hold_status": "",
        "object_lock_mode": "",
        "object_lock_retain_until_date": "",
        "server_side_encryption": "AES256",
        "source": null,
        "source_hash": null,
        "storage_class": "STANDARD",
        "tags": {},
        "tags_all": {},
        "version_id": "ukpbsaDkRkp8XAkxl7TReDNqKeiClqok",
        "website_redirect": ""
      },
      "index.html": {
        "acl": "private",
        "bucket": "s3-deployment-561678142736",
        "bucket_key_enabled": false,
        "cache_control": "public, max-age=0, must-revalidate",
        "content": "",
        "content_base64": null,
        "content_disposition": "",
        "content_encoding": "",
        "content_language": "",
        "content_type": "text/html; charset=utf-8",
        "etag": "faeee5e2efb928e33b0eb232a1ce1f85",
        "force_destroy": false,
        "id": "index.html",
        "key": "index.html",
        "kms_key_id": null,
        "metadata": {},
        "object_lock_legal_hold_status": "",
        "object_lock_mode": "",
        "object_lock_retain_until_date": "",
        "server_side_encryption": "AES256",
        "source": ".terraform/tmp/eff72d484ce427fb15a6084e487cf9c9ce5ceaa4bbf471ef460e127fcbe50305/index.html",
        "source_hash": "faeee5e2efb928e33b0eb232a1ce1f85",
        "storage_class": "STANDARD",
        "tags": {},
        "tags_all": {},
        "version_id": "xmw3jOwxF1qNWNrhKQ9iqIbCkGcNP9xJ",
        "website_redirect": ""
      },
      "octocat.png": {
        "acl": "private",
        "bucket": "s3-deployment-561678142736",
        "bucket_key_enabled": false,
        "cache_control": "",
        "content": null,
        "content_base64": null,
        "content_disposition": "",
        "content_encoding": "",
        "content_language": "",
        "content_type": "image/png",
        "etag": "f1d23c21191e970573e34ceb555c332b",
        "force_destroy": false,
        "id": "octocat.png",
        "key": "octocat.png",
        "kms_key_id": null,
        "metadata": {},
        "object_lock_legal_hold_status": "",
        "object_lock_mode": "",
        "object_lock_retain_until_date": "",
        "server_side_encryption": "AES256",
        "source": ".terraform/tmp/eff72d484ce427fb15a6084e487cf9c9ce5ceaa4bbf471ef460e127fcbe50305/octocat.png",
        "source_hash": "f1d23c21191e970573e34ceb555c332b",
        "storage_class": "STANDARD",
        "tags": {},
        "tags_all": {},
        "version_id": "7UlxmhtXAlWiA.5lUVwSFSV5YnWMbOSl",
        "website_redirect": ""
      },
      "script.js": {
        "acl": "private",
        "bucket": "s3-deployment-561678142736",
        "bucket_key_enabled": false,
        "cache_control": "public, max-age=0, must-revalidate",
        "content": "",
        "content_base64": null,
        "content_disposition": "",
        "content_encoding": "",
        "content_language": "",
        "content_type": "text/javascript",
        "etag": "847706ee8f66d4a9b30302446279ea5e",
        "force_destroy": false,
        "id": "script.js",
        "key": "script.js",
        "kms_key_id": null,
        "metadata": {},
        "object_lock_legal_hold_status": "",
        "object_lock_mode": "",
        "object_lock_retain_until_date": "",
        "server_side_encryption": "AES256",
        "source": ".terraform/tmp/eff72d484ce427fb15a6084e487cf9c9ce5ceaa4bbf471ef460e127fcbe50305/script.js",
        "source_hash": "847706ee8f66d4a9b30302446279ea5e",
        "storage_class": "STANDARD",
        "tags": {},
        "tags_all": {},
        "version_id": "dDvvRaYAwDP71Q88W3xx_h76AcdPTYrK",
        "website_redirect": ""
      },
      "style.css": {
        "acl": "private",
        "bucket": "s3-deployment-561678142736",
        "bucket_key_enabled": false,
        "cache_control": "",
        "content": "",
        "content_base64": null,
        "content_disposition": "",
        "content_encoding": "",
        "content_language": "",
        "content_type": "text/css; charset=utf-8",
        "etag": "ed143c36d3a6cb0fec57de6d828bb52a",
        "force_destroy": false,
        "id": "style.css",
        "key": "style.css",
        "kms_key_id": null,
        "metadata": {},
        "object_lock_legal_hold_status": "",
        "object_lock_mode": "",
        "object_lock_retain_until_date": "",
        "server_side_encryption": "AES256",
        "source": ".terraform/tmp/eff72d484ce427fb15a6084e487cf9c9ce5ceaa4bbf471ef460e127fcbe50305/style.css",
        "source_hash": "ed143c36d3a6cb0fec57de6d828bb52a",
        "storage_class": "STANDARD",
        "tags": {},
        "tags_all": {},
        "version_id": "4vYlq1_0IaR71t0DkMzFDi3Ia9N7yLCK",
        "website_redirect": ""
      }
    }
  }
}
